# TYPE build info
# HELP build Build metadata.
build_info{instance="{port}",version="1.2.3"} 1
# TYPE request_duration_seconds counter
# UNIT request_duration_seconds seconds
# HELP request_duration_seconds Total request duration.
request_duration_seconds_total{code="200",instance="{port}"} 1027 1395066363.5
request_duration_seconds_created{code="200",instance="{port}"} 1605281325.123
request_duration_seconds_total{code="500",instance="{port}"} 3 # {span_id="fedcba9876543210",trace_id="0123456789abcdef0123456789abcdef"} 0.5 1605281325.5
# TYPE sizes gaugehistogram
sizes_bucket{instance="{port}",le="10"} 5
sizes_bucket{instance="{port}",le="+Inf"} 7
sizes_gsum{instance="{port}"} 300.5
sizes_gcount{instance="{port}"} 7
# TYPE state stateset
state{instance="{port}",state="running"} 1
state{instance="{port}",state="starting"} 0
# TYPE unannotated unknown
unannotated{instance="{port}"} 42
# EOF
